npx : ΓÜá Warning: Next.js inferred your 
workspace root, but it may not be correct.
At line:1 char:1
+ npx next build 2>&1 | Out-File -FilePath 
".\build_output.txt" -Encodi ...
+ ~~~~~~~~~~~~~~~~~~~
    + CategoryInfo          : NotSpecifie    
d: (ΓÜá Warning: Ne...not be correct.    
:String) [], RemoteException
    + FullyQualifiedErrorId : NativeComma    
ndError
 
 We detected multiple lockfiles and selected 
the directory of 
C:\Users\ayask\package-lock.json as the root 
directory.
 To silence this warning, set 
`turbopack.root` in your Next.js config, or 
consider removing one of the lockfiles if 
it's not needed.
   See https://nextjs.org/docs/app/api-refere
nce/config/next-config-js/turbopack#root-dire
ctory for more information.
 Detected additional lockfiles: 
   * C:\Users\ayask\Downloads\Innovatrix\dies
el-ldr\package-lock.json

Γû▓ Next.js 16.2.4 (Turbopack)

  Creating an optimized production build ...
Γ£ô Compiled successfully in 6.8s
  Running TypeScript ...
  Finished TypeScript in 6.1s ...
  Collecting page data using 11 workers ...
  Generating static pages using 11 workers (0/14) ...
  Generating static pages using 11 workers (3/14) 
  Generating static pages using 11 workers (6/14) 
  Generating static pages using 11 workers (10/14) 
Γ£ô Generating static pages using 11 workers (14/14) in 1247ms
  Finalizing page optimization ...

Route (app)
Γöî Γùï /
Γö£ Γùï /_not-found
Γö£ Γùï /about
Γö£ Γùï /cart
Γö£ Γùï /clothing
Γö£ ╞Æ /clothing/[slug]
Γö£ Γùï /collection
Γö£ ΓùÅ /collection/[slug]
Γöé Γö£ /collection/west-coast-lipstick
Γöé Γö£ /collection/summer-bummer-blush
Γöé Γö£ /collection/cherry-cola-lip-liner
Γöé Γöö [+3 more paths]
Γöö Γùï /lookbook


Γùï  (Static)   prerendered as static content
ΓùÅ  (SSG)      prerendered as static HTML (uses generateStaticParams)
╞Æ  (Dynamic)  server-rendered on demand

